[
  {
    "name": "desktop",
    "result": {
      "step": 364,
      "y": 660,
      "velocity": 0,
      "score": 463,
      "coinsCollected": 4,
      "forksPassed": 0,
      "nearMisses": 0,
      "bestCombo": 0,
      "survivalTicks": 364,
      "survivalTime": 6.066667,
      "crashed": true,
      "terminalReason": "rock"
    },
    "inputs": [
      90,
      91
    ],
    "errors": []
  },
  {
    "name": "portrait",
    "result": {
      "step": 364,
      "y": 660,
      "velocity": 0,
      "score": 463,
      "coinsCollected": 4,
      "forksPassed": 0,
      "nearMisses": 0,
      "bestCombo": 0,
      "survivalTicks": 364,
      "survivalTime": 6.066667,
      "crashed": true,
      "terminalReason": "rock"
    },
    "inputs": [
      90,
      91
    ],
    "errors": []
  },
  {
    "name": "landscape",
    "result": {
      "step": 364,
      "y": 660,
      "velocity": 0,
      "score": 463,
      "coinsCollected": 4,
      "forksPassed": 0,
      "nearMisses": 0,
      "bestCombo": 0,
      "survivalTicks": 364,
      "survivalTime": 6.066667,
      "crashed": true,
      "terminalReason": "rock"
    },
    "inputs": [
      90,
      91
    ],
    "errors": []
  }
]
